[www.gfsd.org/index.html]
[backblue.gif]
[fade.gif]
[index.html]
[www.gfsd.org/assets/application-7ff0c818ff42ead9c37e984b608dc7b94bebe4af5a0e53d6b16db0bbbd90f6b9.css]
[www.gfsd.org/uploaded/themes/default_24/mainf5c1.css]
[www.gfsd.org/assets/in_layout_head2-73f5b703a9352363cd8c423e976eae1fa1c206d1e456d555def0817fedae4217.js]
[cdn.weglot.com/weglot.min.js]
[www.gfsd.org/schools.html]
[www.gfsd.org/view-calendar.html]
[www.gfsd.org/students.html]
[www.gfsd.org/staff.html]
[www.gfsd.org/families.html]
[www.gfsd.org/about-us.html]
[www.gfsd.org/about-us/gf-nationdistrict-profile.html]
[www.gfsd.org/about-us/superintendent.html]
[www.gfsd.org/about-us/facilities.html]
[www.gfsd.org/about-us/facilities/building-use-form.html]
[www.gfsd.org/about-us/directions.html]
[www.gfsd.org/view-news.html]
[www.gfsd.org/about-us/contact-us.html]
[www.gfsd.org/about-us/how-do-i.html]
[www.gfsd.org/academics.html]
[www.gfsd.org/academics/curriculum-instruction.html]
[www.gfsd.org/academics/special-education.html]
[www.gfsd.org/academics/universal-pre-kindergarten.html]
[www.gfsd.org/athletics.html]
[www.gfsd.org/athletics/directions-to-away-contests.html]
[www.gfsd.org/board-of-education.html]
[www.gfsd.org/board-of-education/policies.html]
[www.gfsd.org/budget-finanace.html]
[www.gfsd.org/budget-finanace/business-office.html]
[www.gfsd.org/budget-finanace/school-budget.html]
[www.gfsd.org/departments-services.html]
[www.gfsd.org/departments-services/register-for-school.html]
[www.gfsd.org/departments-services/food-services.html]
[www.gfsd.org/departments-services/health-services.html]
[www.gfsd.org/departments-services/health-services/wellness-policy.html]
[www.gfsd.org/departments-services/safety-culture.html]
[www.gfsd.org/departments-services/safety-culture/wide.html]
[www.gfsd.org/departments-services/safety-culture/glens-falls-elementary-schools-code-of-conduct.html]
[www.gfsd.org/departments-services/safety-culture/dignity-for-all-students-dasa.html]
[www.gfsd.org/departments-services/instructional-technology.html]
[www.gfsd.org/departments-services/student-support.html]
[www.gfsd.org/departments-services/student-support/hope-committee.html]
[www.gfsd.org/departments-services/human-resources.html]
[www.gfsd.org/departments-services/human-resources/careers.html]
[www.gfsd.org/departments-services/human-resources/contact-us.html]
[resources.finalsite.net/videos/v1733852484/gfsdorg/axl5pgdrsbmildukibfv/HeroDec24HomeA.jpg]
[www.gfsd.org/directory.html]
[www.gfsd.org/accessibility-statement.html]
[www.gfsd.org/site-map.html]
[www.gfsd.org/privacy-policy.html]
[www.gfsd.org/assets/application-7162184c95b7ef50f7e2131b1d0ae1c88ba96d1aed940699f5adecf977a318b2.js]
[www.gfsd.org/uploaded/themes/default_24/mainf5c1.js]
[www.gfsd.org/index.html]
[www.googletagmanager.com/gtm5445.html]
[www.gfsd.org/cdn-cgi/challenge-platform/h/g/scripts/jsd/44e6f86df4dc/maind41d.js]
[www.gfsd.org/assets/images/ui-icons_444444_256x240-592858081745b3bd7f88cc9bccfe1dd6534a74917c6e26be795522c32117faac.png]
[www.gfsd.org/assets/images/ui-icons_555555_256x240-cab26f8edff7a9838170935d48304941396f7628ae07b555d49a7e13f1a114a6.png]
[www.gfsd.org/assets/images/ui-icons_ffffff_256x240-c537cceb51a1ea57827744d7736b5763fb837089d2e2b66830a1f9e5570b5171.png]
[www.gfsd.org/assets/images/ui-icons_777620_256x240-0f9f47c0421d9ac23f64bfcf6d2cf729c1d752e451dae508643571937321d580.png]
[www.gfsd.org/assets/images/ui-icons_cc0000_256x240-fce245fa49eef135b6490f9369b018ec295cab1a030ecee851b5a6226b9bf05c.png]
[www.gfsd.org/assets/images/ui-icons_777777_256x240-df86d086f68da1e520cf5a2028d27beeebb0c3d5e2031a9384fb568a2a06b8dc.png]
[www.gfsd.org/assets/icomoon/fonts/icomoon-35511843bd71e750e0cd0d4a4ab1328fd24da3f11abb22c2735f451fb1954ba6.eot]
[www.gfsd.org/assets/icomoon/fonts/icomoon-309c1598a9265285effde2404d5e161ff7fc790345b3c991cecc0746d1516bcf.woff2]
[www.gfsd.org/assets/icomoon/fonts/icomoon-454d742e9c5c08794dd39b1de06a9589f503c027289df05bfe91885e21faf135.woff]
[www.gfsd.org/assets/icomoon/fonts/icomoon-dc8c939e2508f6d3cc9c0ba33dc12b18bd7504d731feb19614bb0f3e4f281f12.ttf]
[www.gfsd.org/assets/icomoon/fonts/icomoon-97f35740111842f2b90d7bc8707be7844275a2e0ccfea7d3e1a99b7af5ce3c9e.svg]
[www.gfsd.org/assets/icons/global/arrow_gray_down-44eb2e49c5d7c11234255b5e8fa31816e1d18856aec3a7438c5ec6f68a003458.svg]
[www.gfsd.org/assets/icons/frontend/poweredby-7fe9cdfc8db6c2419477639e585e15f5fceee483b4a26452877dabab357cb391.svg]
[www.gfsd.org/assets/static/admin/trash_white.svg]
[www.gfsd.org/assets/application-7ff0c818ff42ead9c37e984b608dc7b94bebe4af5a0e53d6b16db0bbbd90f6b9.css]
[www.gfsd.org/assets/icons/frontend/arrow_down_grey-9ae45ddb3bcfd7fa4d02dc256df1fae4819426fe65626836034a5846b2a3ffc3.svg]
[www.gfsd.org/uploaded/themes/default_24/fonts/icomoon.eot]
[www.gfsd.org/uploaded/themes/default_24/fonts/icomoond41d.eot]
[www.gfsd.org/uploaded/themes/default_24/fonts/icomoon.woff2]
[www.gfsd.org/uploaded/themes/default_24/fonts/icomoon.woff]
[www.gfsd.org/uploaded/themes/default_24/fonts/icomoon.ttf]
[www.gfsd.org/uploaded/themes/default_24/fonts/icomoon.svg]
[www.gfsd.org/uploaded/themes/default_24/fonts/new-bpa-font-icons.eot]
[www.gfsd.org/uploaded/themes/default_24/fonts/new-bpa-font-iconsd41d.eot]
[www.gfsd.org/uploaded/themes/default_24/fonts/new-bpa-font-icons.woff2]
[www.gfsd.org/uploaded/themes/default_24/fonts/new-bpa-font-icons.woff]
[www.gfsd.org/uploaded/themes/default_24/fonts/new-bpa-font-icons.ttf]
[www.gfsd.org/uploaded/themes/default_24/fonts/new-bpa-font-icons.svg]
[www.gfsd.org/uploaded/themes/default_24/fonts/bpa-icon-library.eot]
[www.gfsd.org/uploaded/themes/default_24/fonts/bpa-icon-libraryd41d.eot]
[www.gfsd.org/uploaded/themes/default_24/fonts/bpa-icon-library.woff2]
[www.gfsd.org/uploaded/themes/default_24/fonts/bpa-icon-library.woff]
[www.gfsd.org/uploaded/themes/default_24/fonts/bpa-icon-library.ttf]
[www.gfsd.org/uploaded/themes/default_24/mainf5c1.css]
[www.gfsd.org/uploaded/themes/default_24/fonts/bpa-icon-library.svg]
[www.gfsd.org/schools.html]
[www.gfsd.org/view-calendar.html]
[resources.finalsite.net/images/f_auto,q_auto/v1733345699/gfsdorg/gs4oqn6a6ua0bzzh0zdh/AlmaMaterThumb.jpg]
[www.gfsd.org/students.html]
[www.gfsd.org/staff.html]
[www.gfsd.org/staff/workplace-sexual-harassment.html]
[www.gfsd.org/families.html]
[www.gfsd.org/about-us.html]
[www.gfsd.org/about-us/gf-nationdistrict-profile.html]
[www.gfsd.org/about-us/superintendent.html]
[www.gfsd.org/about-us/facilities.html]
[www.edgemont.org/uploaded/Images/MLS_Register_Wide.png]
[www.edgemont.org/uploaded/Images/MLS_Login_Wide.png]
[www.gfsd.org/about-us/facilities/building-use-form.html]
[www.gfsd.org/about-us/directions.html]
[www.gfsd.org/p/_board/district-news/post/board-of-education-candidate-petitions-available.html]
[www.gfsd.org/p/_board/district-news/post/public-hearing-on-the-proposed-school-budget-may-12th.html]
[www.gfsd.org/p/_board/district-news/post/top-ten-celebrated-at-family-breakfast.html]
[www.gfsd.org/p/_board/district-news/post/glens-falls-culinary-students-earn-top-honors-at-skillsusa-regional-competition.html]
[www.gfsd.org/p/_board/district-news/post/gfhs-artists-selected-for-the-hyde-collections-high-school-juried-show.html]
[www.gfsd.org/p/_board/district-news/post/big-cross-fourth-graders-win-regional-recognition-in-special-olympics-inclusion-contest.html]
[www.gfsd.org/p/_board/district-news/post/gfhs-theatre-ensemble-shines.html]
[www.gfsd.org/p/_board/district-news/post/watch-the-video-city-of-champions-parade-and-ceremony.html]
[www.gfsd.org/p/_board/district-news/post/share-your-thoughts-in-the-capital-project-school-community-survey.html]
[www.gfsd.org/p/_board/district-news/post/girls-night-out-builds-confidence-with-facts-and-fun.html]
[www.gfsd.org/p/_board/district-news/post/cast-with-care-club-donates-20-scarves-to-cr-wood-cancer-center.html]
[www.gfsd.org/p/_board/district-news/post/glens-falls-black-bears-are-your-back-to-back-new-york-state-class-a-boys-basketball-champions.html]
[www.gfsd.org/p/_board/district-news/post/all-star-and-coach-of-the-year-honors-cap-a-championship-season-for-gf-swimming.html]
[www.gfsd.org/p/_board/district-news/post/glens-falls-vex-robotics-teams-compete-at-state-championships.html]
[www.gfsd.org/p/_board/district-news/post/47-new-members-inducted-into-national-honor-society.html]
[www.gfsd.org/p/_board/district-news/post/glens-falls-csd-hosts-2nd-annual-bike-scooter-and-helmet-swap.html]
[www.gfsd.org/p/_board/district-news/post/glens-falls-odyssey-of-the-mind-teams-shine-in-competition.html]
[www.gfsd.org/p/_board/district-news/post/our-black-bears-care-about-first-responders-in-gf-nation.html]
[www.gfsd.org/p/_board/district-news/post/glens-falls-middle-school-students-explore-trade-careers-at-ecca-women-in-trades-event.html]
[www.gfsd.org/p/_board/district-news/post/glens-falls-faculty-staff-and-students-raise-over-5400-for-south-high-marathon-dance.html]
[www.gfsd.org/p/_board/district-news/post/kevin-crossman-named-2025-capital-zone-middle-school-teacher-of-the-year.html]
[www.gfsd.org/p/_board/district-news/post/all-in-for-students-kensingtons-shannon-fox-named-teacher-of-the-week.html]
[www.gfsd.org/p/_board/district-news/post/district-students-showcase-reading-skills-at-regional-battle-of-the-books-big-cross-3rd-grade-takes-secon]
[www.gfsd.org/p/_board/district-news/post/celebrate-school-social-work-week-march-2-8-2025.html]
[www.gfsd.org/p/_board/district-news/post/class-of-2025-top-ten.html]
[www.gfsd.org/p/_board/district-news/post/gf-nation-champions-abound.html]
[www.gfsd.org/p/_board/district-news/post/gf-theatre-ensemble-presents-the-prom.html]
[www.gfsd.org/p/_board/district-news/post/joseph-girard-iiis-jersey-retirement-ceremony.html]
[www.gfsd.org/p/_board/district-news/post/celebrating-school-resource-officer-appreciation-day.html]
[www.gfsd.org/p/_board/district-news/post/glens-falls-high-school-celebrates-quarter-2-honor-roll-students.html]
[www.gfsd.org/p/_board/district-news/post/happy-national-school-counseling-week.html]
[www.gfsd.org/p/_board/district-news/post/glens-falls-city-schools-receive-80-new-coats-for-students.html]
[www.gfsd.org/p/_board/district-news/post/chief-school-officers-outline-2025-26-legislative-priorities.html]
[www.gfsd.org/p/_board/district-news/post/on-demand-chat-tutoring-now-available-for-all-gf-students.html]
[www.gfsd.org/p/_board/district-news/post/holiday-hope-boutique-brings-joy-to-67-families.html]
[www.gfsd.org/p/_board/district-news/post/students-decorate-trees-for-gf-nation-families.html]
[www.gfsd.org/p/_board/district-news/post/gfhs-celebrates-90-vip-students-for-perseverance-positivity-and-more.html]
[www.gfsd.org/p/_board/district-news/post/hour-of-code-activities-for-computer-science-education-week.html]
[www.gfsd.org/p/_board/district-news/post/important-cold-weather-procedures-and-precautions.html]
[www.gfsd.org/p/_board/district-news/post/brooke-eggleston-headed-to-merrimack.html]
[www.gfsd.org/p/_board/district-news/post/black-bears-football-took-the-victory.html]
[www.gfsd.org/p/_board/district-news/post/gf-polar-plunge-team-raises-3k.html]
[www.gfsd.org/p/_board/district-news/post/celebrating-education-support-professionals-debbie-stiles.html]
[www.gfsd.org/p/_board/district-news/post/celebrating-education-support-professionals-kristine-trevett-jones.html]
[www.gfsd.org/p/_board/district-news/post/celebrating-education-support-professionals-joshua-grant.html]
[www.gfsd.org/p/_board/district-news/post/area-all-state-2024.html]
[www.gfsd.org/p/_board/district-news/post/celebrating-education-support-professionals-amy-kraft.html]
[www.gfsd.org/p/_board/district-news/post/celebrating-education-support-professionals-jessica-maynard.html]
[www.gfsd.org/p/_board/district-news/post/celebrating-education-support-professionals-allison-hughes.html]
[www.gfsd.org/view-news.html]
[www.gfsd.org/p/_board/district-news/post/celebration-of-the-first-and-last-100-yards.html]
[www.gfsd.org/about-us/contact-us.html]
[www.gfsd.org/about-us/how-do-i.html]
[www.gfsd.org/academics.html]
[www.gfsd.org/departments-services/safety-culture/index.html]
[www.gfsd.org/academics/curriculum-instruction.html]
[www.gfsd.org/academics/special-education.html]
[www.gfsd.org/academics/universal-pre-kindergarten.html]
[www.gfsd.org/athletics.html]
[www.gfsd.org/athletics/directions-to-away-contests.html]
[www.gfsd.org/board-of-education.html]
[www.gfsd.org/board-of-education/policies.html]
[www.gfsd.org/budget-finanace.html]
[www.gfsd.org/budget-finanace/business-office.html]
[resources.finalsite.net/images/f_auto,q_auto,t_image_size_6/v1743447636/gfsdorg/ylc3tbg9g403r40mpwnn/GlensFallsSampleBallot24-21.png]
[resources.finalsite.net/images/f_auto,q_auto/v1743447697/gfsdorg/alhcd6cp9mufn9agnei0/GlensFallsSampleBallot24-11.png]
[player.vimeo.com/api/player.js]
[www.gfsd.org/budget-finanace/school-budget.html]
[www.gfsd.org/departments-services.html]
[www.gfsd.org/departments-services/food-services/index.html]
[www.gfsd.org/departments-services/business-office/index.html]
[www.gfsd.org/departments-services/register-for-school/index.html]
[www.gfsd.org/departments-services/health-services/index.html]
[www.gfsd.org/departments-services/register-for-school.html]
[www.gfsd.org/departments-services/student-support/index.html]
[www.gfsd.org/departments-services/food-services.html]
[www.gfsd.org/departments-services/health-services.html]
[www.gfsd.org/departments-services/health-services/wellness-policy.html]
[www.gfsd.org/departments-services/safety-culture.html]
[www.gfsd.org/departments-services/safety-culture/wide.html]
[www.gfsd.org/uploaded/themes/default_24/main3cfd.css]
[www.gfsd.org/uploaded/themes/default_24/schoolTheme3cfd.css]
[www.gfsd.org/departments-services/safety-culture/glens-falls-elementary-schools-code-of-conduct.html]
[www.gfsd.org/uploaded/themes/default_24/main3cfd.js]
[www.gfsd.org/departments-services/safety-culture/dignity-for-all-students-dasa.html]
[www.gfsd.org/departments-services/instructional-technology.html]
[www.gfsd.org/departments-services/student-support.html]
[www.gfsd.org/departments-services/student-support/hope-committee.html]
[www.gfsd.org/departments-services/human-resources.html]
[www.gfsd.org/departments-services/human-resources/careers.html]
[www.gfsd.org/departments-services/human-resources/contact-us.html]
[www.gfsd.org/directorye9c4.html]
[www.gfsd.org/directoryb26c.html]
[www.gfsd.org/directoryffd9.html]
[www.gfsd.org/directoryb582.html]
[www.gfsd.org/directory.html]
[www.gfsd.org/accessibility-statement.html]
[www.gfsd.org/site-map.html]
[www.gfsd.org/privacy-policy.html]
[www.gfsd.org/assets/icomoon/fonts/icomoon-97f35740111842f2b90d7bc8707be7844275a2e0ccfea7d3e1a99b7af5ce3c9e.svg]
[www.gfsd.org/assets/icons/global/arrow_gray_down-44eb2e49c5d7c11234255b5e8fa31816e1d18856aec3a7438c5ec6f68a003458.svg]
[www.gfsd.org/assets/icons/frontend/poweredby-7fe9cdfc8db6c2419477639e585e15f5fceee483b4a26452877dabab357cb391.svg]
[www.gfsd.org/assets/static/admin/trash_white.svg]
[www.gfsd.org/assets/icons/frontend/arrow_down_grey-9ae45ddb3bcfd7fa4d02dc256df1fae4819426fe65626836034a5846b2a3ffc3.svg]
[www.gfsd.org/uploaded/themes/default_24/fonts/icomoon.svg]
[www.gfsd.org/uploaded/themes/default_24/fonts/new-bpa-font-icons.svg]
[www.gfsd.org/uploaded/themes/default_24/fonts/bpa-icon-library.svg]
[www.gfsd.org/directory9327.html]
[www.gfsd.org/staff/workplace-sexual-harassment.html]
[www.gfsd.org/p/_board/district-news/post/board-of-education-candidate-petitions-available.html]
[www.gfsd.org/p/_board/district-news/post/public-hearing-on-the-proposed-school-budget-may-12th.html]
[www.gfsd.org/p/_board/district-news/post/top-ten-celebrated-at-family-breakfast.html]
[www.gfsd.org/p/_board/district-news/post/glens-falls-culinary-students-earn-top-honors-at-skillsusa-regional-competition.html]
[www.gfsd.org/p/_board/district-news/post/gfhs-artists-selected-for-the-hyde-collections-high-school-juried-show.html]
[www.gfsd.org/p/_board/district-news/post/big-cross-fourth-graders-win-regional-recognition-in-special-olympics-inclusion-contest.html]
[www.gfsd.org/p/_board/district-news/post/gfhs-theatre-ensemble-shines.html]
[www.gfsd.org/p/_board/district-news/post/watch-the-video-city-of-champions-parade-and-ceremony.html]
[www.gfsd.org/p/_board/district-news/post/share-your-thoughts-in-the-capital-project-school-community-survey.html]
[www.gfsd.org/p/_board/district-news/post/girls-night-out-builds-confidence-with-facts-and-fun.html]
[www.gfsd.org/p/_board/district-news/post/cast-with-care-club-donates-20-scarves-to-cr-wood-cancer-center.html]
[www.gfsd.org/p/_board/district-news/post/glens-falls-black-bears-are-your-back-to-back-new-york-state-class-a-boys-basketball-champions.html]
[www.gfsd.org/p/_board/district-news/post/all-star-and-coach-of-the-year-honors-cap-a-championship-season-for-gf-swimming.html]
[www.gfsd.org/p/_board/district-news/post/glens-falls-vex-robotics-teams-compete-at-state-championships.html]
[www.gfsd.org/p/_board/district-news/post/47-new-members-inducted-into-national-honor-society.html]
[www.gfsd.org/p/_board/district-news/post/glens-falls-csd-hosts-2nd-annual-bike-scooter-and-helmet-swap.html]
[www.gfsd.org/p/_board/district-news/post/glens-falls-odyssey-of-the-mind-teams-shine-in-competition.html]
[www.gfsd.org/p/_board/district-news/post/our-black-bears-care-about-first-responders-in-gf-nation.html]
[www.gfsd.org/p/_board/district-news/post/glens-falls-middle-school-students-explore-trade-careers-at-ecca-women-in-trades-event.html]
[www.gfsd.org/p/_board/district-news/post/glens-falls-faculty-staff-and-students-raise-over-5400-for-south-high-marathon-dance.html]
[www.gfsd.org/p/_board/district-news/post/kevin-crossman-named-2025-capital-zone-middle-school-teacher-of-the-year.html]
[www.gfsd.org/p/_board/district-news/post/district-students-showcase-reading-skills-at-regional-battle-of-the-books-big-cross-3rd-grade-takes-secon]
[www.gfsd.org/p/_board/district-news/post/all-in-for-students-kensingtons-shannon-fox-named-teacher-of-the-week.html]
[www.gfsd.org/p/_board/district-news/post/celebrate-school-social-work-week-march-2-8-2025.html]
[www.gfsd.org/p/_board/district-news/post/class-of-2025-top-ten.html]
[www.gfsd.org/p/_board/district-news/post/gf-nation-champions-abound.html]
[www.gfsd.org/p/_board/district-news/post/gf-theatre-ensemble-presents-the-prom.html]
[www.gfsd.org/p/_board/district-news/post/joseph-girard-iiis-jersey-retirement-ceremony.html]
[www.gfsd.org/p/_board/district-news/post/celebrating-school-resource-officer-appreciation-day.html]
[www.gfsd.org/p/_board/district-news/post/glens-falls-high-school-celebrates-quarter-2-honor-roll-students.html]
[www.gfsd.org/p/_board/district-news/post/happy-national-school-counseling-week.html]
[www.gfsd.org/p/_board/district-news/post/glens-falls-city-schools-receive-80-new-coats-for-students.html]
[www.gfsd.org/p/_board/district-news/post/chief-school-officers-outline-2025-26-legislative-priorities.html]
[www.gfsd.org/p/_board/district-news/post/on-demand-chat-tutoring-now-available-for-all-gf-students.html]
[www.gfsd.org/p/_board/district-news/post/holiday-hope-boutique-brings-joy-to-67-families.html]
[www.gfsd.org/p/_board/district-news/post/students-decorate-trees-for-gf-nation-families.html]
[www.gfsd.org/p/_board/district-news/post/gfhs-celebrates-90-vip-students-for-perseverance-positivity-and-more.html]
[www.gfsd.org/p/_board/district-news/post/hour-of-code-activities-for-computer-science-education-week.html]
[www.gfsd.org/p/_board/district-news/post/important-cold-weather-procedures-and-precautions.html]
[www.gfsd.org/p/_board/district-news/post/brooke-eggleston-headed-to-merrimack.html]
[www.gfsd.org/p/_board/district-news/post/black-bears-football-took-the-victory.html]
[www.gfsd.org/p/_board/district-news/post/gf-polar-plunge-team-raises-3k.html]
[www.gfsd.org/p/_board/district-news/post/celebrating-education-support-professionals-debbie-stiles.html]
[www.gfsd.org/p/_board/district-news/post/celebrating-education-support-professionals-kristine-trevett-jones.html]
[www.gfsd.org/p/_board/district-news/post/celebrating-education-support-professionals-joshua-grant.html]
[www.gfsd.org/p/_board/district-news/post/area-all-state-2024.html]
[www.gfsd.org/p/_board/district-news/post/celebrating-education-support-professionals-amy-kraft.html]
[www.gfsd.org/p/_board/district-news/post/celebrating-education-support-professionals-jessica-maynard.html]
[www.gfsd.org/p/_board/district-news/post/celebrating-education-support-professionals-allison-hughes.html]
[www.gfsd.org/p/_board/district-news/post/celebration-of-the-first-and-last-100-yards.html]
[www.gfsd.org/departments-services/safety-culture/index.html]
[www.gfsd.org/departments-services/business-office/index.html]
[www.gfsd.org/departments-services/food-services/index.html]
[www.gfsd.org/departments-services/health-services/index.html]
[www.gfsd.org/departments-services/register-for-school/index.html]
[www.gfsd.org/departments-services/student-support/index.html]
[www.gfsd.org/uploaded/themes/default_24/main3cfd.css]
[www.gfsd.org/uploaded/themes/default_24/schoolTheme3cfd.css]
[www.gfsd.org/directorye9c4.html]
[www.gfsd.org/directoryb26c.html]
[www.gfsd.org/directoryffd9.html]
[www.gfsd.org/directoryb582.html]
[www.gfsd.org/directory9327.html]
